22/Sep/2026 14:10:01 looking for Discord window...
22/Sep/2026 14:10:01 watching window '🚨│player-alerts | #general - Discord' (poll every 0.01s)
22/Sep/2026 14:10:01 channel marker empty - following whatever channel is open
22/Sep/2026 14:10:01 allowed channels: ['player-alerts']
22/Sep/2026 14:10:01 watching channel: '🚨│player-alerts'
22/Sep/2026 14:10:01 UIA stale element (test_heartbeat_fires_while_channel_quiet.<locals>.<lambda>() takes from 1 to 2 positional arguments but 3 were given) - re-attaching (further occurrences hidden for 5m)
22/Sep/2026 14:10:01 auto-scroll fallback failed: 'FakeContainer' object has no attribute 'SetFocus'
22/Sep/2026 14:10:01 -> 200 text
22/Sep/2026 14:10:01 -> 401 text
22/Sep/2026 14:10:01 post failed: pipeline down
22/Sep/2026 14:10:01 looking for Discord window...
22/Sep/2026 14:10:01 watching window '🚨│player-alerts | #general - Discord' (poll every 0.01s)
22/Sep/2026 14:10:01 channel marker empty - following whatever channel is open
22/Sep/2026 14:10:01 allowed channels: ['player-alerts']
22/Sep/2026 14:10:01 watching channel: '🚨│player-alerts'
22/Sep/2026 14:10:01 pane: 1 message(s) read, newest: 'earlier message in channel'
22/Sep/2026 14:10:01 pane: 2 message(s) read, newest: 'BOUGHT 09/25 ARM 300c @ 1.65 small size'
22/Sep/2026 14:11:30 looking for Discord window...
22/Sep/2026 14:11:30 watching window '🚨│player-alerts | #general - Discord' (poll every 0.01s)
22/Sep/2026 14:11:30 channel marker empty - following whatever channel is open
22/Sep/2026 14:11:30 allowed channels: ['player-alerts']
22/Sep/2026 14:11:30 watching channel: '🚨│player-alerts'
22/Sep/2026 14:11:30 UIA stale element (test_heartbeat_fires_while_channel_quiet.<locals>.<lambda>() takes from 1 to 2 positional arguments but 3 were given) - re-attaching (further occurrences hidden for 5m)
22/Sep/2026 14:11:30 auto-scroll fallback failed: 'FakeContainer' object has no attribute 'SetFocus'
22/Sep/2026 14:11:30 -> 200 text
22/Sep/2026 14:11:30 -> 401 text
22/Sep/2026 14:11:30 post failed: pipeline down
22/Sep/2026 14:11:30 looking for Discord window...
22/Sep/2026 14:11:30 watching window '🚨│player-alerts | #general - Discord' (poll every 0.01s)
22/Sep/2026 14:11:30 channel marker empty - following whatever channel is open
22/Sep/2026 14:11:30 allowed channels: ['player-alerts']
22/Sep/2026 14:11:30 watching channel: '🚨│player-alerts'
22/Sep/2026 14:11:30 pane: 1 message(s) read, newest: 'earlier message in channel'
22/Sep/2026 14:11:30 pane: 2 message(s) read, newest: 'BOUGHT 09/25 ARM 300c @ 1.65 small size'
